[INFO] Scanning for projects...
[INFO] 
[INFO] -----------------------< com:goandstudybackend >------------------------
[INFO] Building goandstudybackend 1.0.0
[INFO]   from pom.xml
[INFO] --------------------------------[ jar ]---------------------------------
[INFO] 
[INFO] >>> spring-boot:3.2.5:run (default-cli) > test-compile @ goandstudybackend >>>
[INFO] 
[INFO] --- resources:3.3.1:resources (default-resources) @ goandstudybackend ---
[INFO] Copying 1 resource from src\main\resources to target\classes
[INFO] Copying 0 resource from src\main\resources to target\classes
[INFO] 
[INFO] --- compiler:3.11.0:compile (default-compile) @ goandstudybackend ---
[INFO] Nothing to compile - all classes are up to date
[INFO] 
[INFO] --- resources:3.3.1:testResources (default-testResources) @ goandstudybackend ---
[INFO] skip non existing resourceDirectory C:\Users\sayan\OneDrive\Desktop\GoAndStudy\goandstudybackend\src\test\resources
[INFO] 
[INFO] --- compiler:3.11.0:testCompile (default-testCompile) @ goandstudybackend ---
[INFO] Nothing to compile - all classes are up to date
[INFO] 
[INFO] <<< spring-boot:3.2.5:run (default-cli) < test-compile @ goandstudybackend <<<
[INFO] 
[INFO] 
[INFO] --- spring-boot:3.2.5:run (default-cli) @ goandstudybackend ---
[INFO] Attaching agents: []

  .   ____          _            __ _ _
 /\\ / ___'_ __ _ _(_)_ __  __ _ \ \ \ \
( ( )\___ | '_ | '_| | '_ \/ _` | \ \ \ \
 \\/  ___)| |_)| | | | | || (_| |  ) ) ) )
  '  |____| .__|_| |_|_| |_\__, | / / / /
 =========|_|==============|___/=/_/_/_/
 :: Spring Boot ::                (v3.2.5)

2026-03-28T23:27:04.377+05:30  INFO 21748 --- [goandstudybackend] [           main] c.g.GoAndStudyBackendApplication         : Starting GoAndStudyBackendApplication using Java 21.0.10 with PID 21748 (C:\Users\sayan\OneDrive\Desktop\GoAndStudy\goandstudybackend\target\classes started by sayan in C:\Users\sayan\OneDrive\Desktop\GoAndStudy\goandstudybackend)
2026-03-28T23:27:04.378+05:30 DEBUG 21748 --- [goandstudybackend] [           main] c.g.GoAndStudyBackendApplication         : Running with Spring Boot v3.2.5, Spring v6.1.6
2026-03-28T23:27:04.379+05:30  INFO 21748 --- [goandstudybackend] [           main] c.g.GoAndStudyBackendApplication         : No active profile set, falling back to 1 default profile: "default"
2026-03-28T23:27:05.314+05:30  INFO 21748 --- [goandstudybackend] [           main] .s.d.r.c.RepositoryConfigurationDelegate : Bootstrapping Spring Data MongoDB repositories in DEFAULT mode.
2026-03-28T23:27:05.475+05:30  INFO 21748 --- [goandstudybackend] [           main] .s.d.r.c.RepositoryConfigurationDelegate : Finished Spring Data repository scanning in 157 ms. Found 29 MongoDB repository interfaces.
