[INFO] Scanning for projects...
[INFO] 
[INFO] -----------------------< com:goandstudybackend >------------------------
[INFO] Building goandstudybackend 1.0.0
[INFO]   from pom.xml
[INFO] --------------------------------[ jar ]---------------------------------
[INFO] 
[INFO] >>> spring-boot:3.2.5:run (default-cli) > test-compile @ goandstudybackend >>>
[INFO] 
[INFO] --- resources:3.3.1:resources (default-resources) @ goandstudybackend ---
[INFO] Copying 1 resource from src\main\resources to target\classes
[INFO] Copying 0 resource from src\main\resources to target\classes
[INFO] 
[INFO] --- compiler:3.11.0:compile (default-compile) @ goandstudybackend ---
[INFO] Nothing to compile - all classes are up to date
[INFO] 
[INFO] --- resources:3.3.1:testResources (default-testResources) @ goandstudybackend ---
[INFO] skip non existing resourceDirectory C:\Users\sayan\OneDrive\Desktop\GoAndStudy\goandstudybackend\src\test\resources
[INFO] 
[INFO] --- compiler:3.11.0:testCompile (default-testCompile) @ goandstudybackend ---
[INFO] Nothing to compile - all classes are up to date
[INFO] 
[INFO] <<< spring-boot:3.2.5:run (default-cli) < test-compile @ goandstudybackend <<<
[INFO] 
[INFO] 
[INFO] --- spring-boot:3.2.5:run (default-cli) @ goandstudybackend ---
[INFO] Attaching agents: []
